27.124.95.249 - - [30/Jul/2024:18:06:38 +0700] "GET /images/REMBUG-BUDAYA-02.jpg HTTP/1.0" 200 404 "https://ygflive.com/?fbclid=PAZXh0bgNhZW0CMTEAAaaXl0Pcz0VeQnavDy8xsP8j8s0h_nFDULPtOorT9VhKV7cbjV6pX7n_L24_aem_1bHuKU8RCB6OqiW9g38L1A" "Mozilla/5.0 (Linux; Android 12; V2120 Build/SP1A.210812.003; wv) AppleWebKit/537.36 (KHTML, like Gecko) Version/4.0 Chrome/126.0.6478.186 Mobile Safari/537.36 Instagram 341.0.0.45.100 Android (31/12; 300dpi; 720x1475; vivo; V2120; 2120; mt6765; in_ID; 625506491)"
27.124.95.249 - - [30/Jul/2024:18:06:38 +0700] "GET /images/left-cloud.png HTTP/1.0" 200 397 "https://ygflive.com/css/theme.css" "Mozilla/5.0 (Linux; Android 12; V2120 Build/SP1A.210812.003; wv) AppleWebKit/537.36 (KHTML, like Gecko) Version/4.0 Chrome/126.0.6478.186 Mobile Safari/537.36 Instagram 341.0.0.45.100 Android (31/12; 300dpi; 720x1475; vivo; V2120; 2120; mt6765; in_ID; 625506491)"
27.124.95.249 - - [30/Jul/2024:18:06:38 +0700] "GET /images/bottom2.png HTTP/1.0" 200 394 "https://ygflive.com/css/theme.css" "Mozilla/5.0 (Linux; Android 12; V2120 Build/SP1A.210812.003; wv) AppleWebKit/537.36 (KHTML, like Gecko) Version/4.0 Chrome/126.0.6478.186 Mobile Safari/537.36 Instagram 341.0.0.45.100 Android (31/12; 300dpi; 720x1475; vivo; V2120; 2120; mt6765; in_ID; 625506491)"
27.124.95.249 - - [30/Jul/2024:18:06:38 +0700] "GET /images/top2.png HTTP/1.0" 200 391 "https://ygflive.com/css/theme.css" "Mozilla/5.0 (Linux; Android 12; V2120 Build/SP1A.210812.003; wv) AppleWebKit/537.36 (KHTML, like Gecko) Version/4.0 Chrome/126.0.6478.186 Mobile Safari/537.36 Instagram 341.0.0.45.100 Android (31/12; 300dpi; 720x1475; vivo; V2120; 2120; mt6765; in_ID; 625506491)"
27.124.95.249 - - [30/Jul/2024:18:06:38 +0700] "GET /images/circle-left.png HTTP/1.0" 200 398 "https://ygflive.com/css/theme.css" "Mozilla/5.0 (Linux; Android 12; V2120 Build/SP1A.210812.003; wv) AppleWebKit/537.36 (KHTML, like Gecko) Version/4.0 Chrome/126.0.6478.186 Mobile Safari/537.36 Instagram 341.0.0.45.100 Android (31/12; 300dpi; 720x1475; vivo; V2120; 2120; mt6765; in_ID; 625506491)"
27.124.95.249 - - [30/Jul/2024:18:06:38 +0700] "GET /images/bg-right.png HTTP/1.0" 200 395 "https://ygflive.com/css/theme.css" "Mozilla/5.0 (Linux; Android 12; V2120 Build/SP1A.210812.003; wv) AppleWebKit/537.36 (KHTML, like Gecko) Version/4.0 Chrome/126.0.6478.186 Mobile Safari/537.36 Instagram 341.0.0.45.100 Android (31/12; 300dpi; 720x1475; vivo; V2120; 2120; mt6765; in_ID; 625506491)"
27.124.95.249 - - [30/Jul/2024:18:06:38 +0700] "GET /images/bg-left.png HTTP/1.0" 200 394 "https://ygflive.com/css/theme.css" "Mozilla/5.0 (Linux; Android 12; V2120 Build/SP1A.210812.003; wv) AppleWebKit/537.36 (KHTML, like Gecko) Version/4.0 Chrome/126.0.6478.186 Mobile Safari/537.36 Instagram 341.0.0.45.100 Android (31/12; 300dpi; 720x1475; vivo; V2120; 2120; mt6765; in_ID; 625506491)"
27.124.95.249 - - [30/Jul/2024:18:06:38 +0700] "GET /images/left-hand.png HTTP/1.0" 200 396 "https://ygflive.com/css/theme.css" "Mozilla/5.0 (Linux; Android 12; V2120 Build/SP1A.210812.003; wv) AppleWebKit/537.36 (KHTML, like Gecko) Version/4.0 Chrome/126.0.6478.186 Mobile Safari/537.36 Instagram 341.0.0.45.100 Android (31/12; 300dpi; 720x1475; vivo; V2120; 2120; mt6765; in_ID; 625506491)"
27.124.95.249 - - [30/Jul/2024:18:06:38 +0700] "GET /images/right-cloud.png HTTP/1.0" 200 398 "https://ygflive.com/css/theme.css" "Mozilla/5.0 (Linux; Android 12; V2120 Build/SP1A.210812.003; wv) AppleWebKit/537.36 (KHTML, like Gecko) Version/4.0 Chrome/126.0.6478.186 Mobile Safari/537.36 Instagram 341.0.0.45.100 Android (31/12; 300dpi; 720x1475; vivo; V2120; 2120; mt6765; in_ID; 625506491)"
27.124.95.249 - - [30/Jul/2024:18:06:38 +0700] "GET /images/right-hand.png HTTP/1.0" 200 397 "https://ygflive.com/css/theme.css" "Mozilla/5.0 (Linux; Android 12; V2120 Build/SP1A.210812.003; wv) AppleWebKit/537.36 (KHTML, like Gecko) Version/4.0 Chrome/126.0.6478.186 Mobile Safari/537.36 Instagram 341.0.0.45.100 Android (31/12; 300dpi; 720x1475; vivo; V2120; 2120; mt6765; in_ID; 625506491)"
27.124.95.249 - - [30/Jul/2024:18:06:38 +0700] "GET /images/circle-right.png HTTP/1.0" 200 399 "https://ygflive.com/css/theme.css" "Mozilla/5.0 (Linux; Android 12; V2120 Build/SP1A.210812.003; wv) AppleWebKit/537.36 (KHTML, like Gecko) Version/4.0 Chrome/126.0.6478.186 Mobile Safari/537.36 Instagram 341.0.0.45.100 Android (31/12; 300dpi; 720x1475; vivo; V2120; 2120; mt6765; in_ID; 625506491)"
27.124.95.249 - - [30/Jul/2024:18:06:39 +0700] "GET /images/REMBUG-BUDAYA-01.jpg HTTP/2.0" 200 247047 "https://ygflive.com/?fbclid=PAZXh0bgNhZW0CMTEAAaaXl0Pcz0VeQnavDy8xsP8j8s0h_nFDULPtOorT9VhKV7cbjV6pX7n_L24_aem_1bHuKU8RCB6OqiW9g38L1A" "Mozilla/5.0 (Linux; Android 12; V2120 Build/SP1A.210812.003; wv) AppleWebKit/537.36 (KHTML, like Gecko) Version/4.0 Chrome/126.0.6478.186 Mobile Safari/537.36 Instagram 341.0.0.45.100 Android (31/12; 300dpi; 720x1475; vivo; V2120; 2120; mt6765; in_ID; 625506491)"
27.124.95.249 - - [30/Jul/2024:18:06:39 +0700] "GET /images/RUNDOW-HARIAN-02.jpg HTTP/2.0" 200 260087 "https://ygflive.com/?fbclid=PAZXh0bgNhZW0CMTEAAaaXl0Pcz0VeQnavDy8xsP8j8s0h_nFDULPtOorT9VhKV7cbjV6pX7n_L24_aem_1bHuKU8RCB6OqiW9g38L1A" "Mozilla/5.0 (Linux; Android 12; V2120 Build/SP1A.210812.003; wv) AppleWebKit/537.36 (KHTML, like Gecko) Version/4.0 Chrome/126.0.6478.186 Mobile Safari/537.36 Instagram 341.0.0.45.100 Android (31/12; 300dpi; 720x1475; vivo; V2120; 2120; mt6765; in_ID; 625506491)"
27.124.95.249 - - [30/Jul/2024:18:06:39 +0700] "GET /images/LOKA-04.jpg HTTP/2.0" 200 369762 "https://ygflive.com/?fbclid=PAZXh0bgNhZW0CMTEAAaaXl0Pcz0VeQnavDy8xsP8j8s0h_nFDULPtOorT9VhKV7cbjV6pX7n_L24_aem_1bHuKU8RCB6OqiW9g38L1A" "Mozilla/5.0 (Linux; Android 12; V2120 Build/SP1A.210812.003; wv) AppleWebKit/537.36 (KHTML, like Gecko) Version/4.0 Chrome/126.0.6478.186 Mobile Safari/537.36 Instagram 341.0.0.45.100 Android (31/12; 300dpi; 720x1475; vivo; V2120; 2120; mt6765; in_ID; 625506491)"
27.124.95.249 - - [30/Jul/2024:18:06:40 +0700] "GET /images/REMBUG-BUDAYA-02.jpg HTTP/2.0" 200 765193 "https://ygflive.com/?fbclid=PAZXh0bgNhZW0CMTEAAaaXl0Pcz0VeQnavDy8xsP8j8s0h_nFDULPtOorT9VhKV7cbjV6pX7n_L24_aem_1bHuKU8RCB6OqiW9g38L1A" "Mozilla/5.0 (Linux; Android 12; V2120 Build/SP1A.210812.003; wv) AppleWebKit/537.36 (KHTML, like Gecko) Version/4.0 Chrome/126.0.6478.186 Mobile Safari/537.36 Instagram 341.0.0.45.100 Android (31/12; 300dpi; 720x1475; vivo; V2120; 2120; mt6765; in_ID; 625506491)"
27.124.95.249 - - [30/Jul/2024:18:06:43 +0700] "GET /favicon/favicon-16x16.png HTTP/2.0" 200 1654 "https://ygflive.com/?fbclid=PAZXh0bgNhZW0CMTEAAaaXl0Pcz0VeQnavDy8xsP8j8s0h_nFDULPtOorT9VhKV7cbjV6pX7n_L24_aem_1bHuKU8RCB6OqiW9g38L1A" "Mozilla/5.0 (Linux; Android 12; V2120 Build/SP1A.210812.003; wv) AppleWebKit/537.36 (KHTML, like Gecko) Version/4.0 Chrome/126.0.6478.186 Mobile Safari/537.36 Instagram 341.0.0.45.100 Android (31/12; 300dpi; 720x1475; vivo; V2120; 2120; mt6765; in_ID; 625506491)"
27.124.95.249 - - [30/Jul/2024:18:06:43 +0700] "GET /favicon/favicon-96x96.png HTTP/2.0" 200 15799 "https://ygflive.com/?fbclid=PAZXh0bgNhZW0CMTEAAaaXl0Pcz0VeQnavDy8xsP8j8s0h_nFDULPtOorT9VhKV7cbjV6pX7n_L24_aem_1bHuKU8RCB6OqiW9g38L1A" "Mozilla/5.0 (Linux; Android 12; V2120 Build/SP1A.210812.003; wv) AppleWebKit/537.36 (KHTML, like Gecko) Version/4.0 Chrome/126.0.6478.186 Mobile Safari/537.36 Instagram 341.0.0.45.100 Android (31/12; 300dpi; 720x1475; vivo; V2120; 2120; mt6765; in_ID; 625506491)"
27.124.95.249 - - [30/Jul/2024:18:06:43 +0700] "GET /favicon/android-icon-192x192.png HTTP/2.0" 200 45509 "https://ygflive.com/?fbclid=PAZXh0bgNhZW0CMTEAAaaXl0Pcz0VeQnavDy8xsP8j8s0h_nFDULPtOorT9VhKV7cbjV6pX7n_L24_aem_1bHuKU8RCB6OqiW9g38L1A" "Mozilla/5.0 (Linux; Android 12; V2120 Build/SP1A.210812.003; wv) AppleWebKit/537.36 (KHTML, like Gecko) Version/4.0 Chrome/126.0.6478.186 Mobile Safari/537.36 Instagram 341.0.0.45.100 Android (31/12; 300dpi; 720x1475; vivo; V2120; 2120; mt6765; in_ID; 625506491)"
27.124.95.249 - - [30/Jul/2024:18:06:43 +0700] "GET /favicon/favicon-32x32.png HTTP/2.0" 200 2968 "https://ygflive.com/?fbclid=PAZXh0bgNhZW0CMTEAAaaXl0Pcz0VeQnavDy8xsP8j8s0h_nFDULPtOorT9VhKV7cbjV6pX7n_L24_aem_1bHuKU8RCB6OqiW9g38L1A" "Mozilla/5.0 (Linux; Android 12; V2120 Build/SP1A.210812.003; wv) AppleWebKit/537.36 (KHTML, like Gecko) Version/4.0 Chrome/126.0.6478.186 Mobile Safari/537.36 Instagram 341.0.0.45.100 Android (31/12; 300dpi; 720x1475; vivo; V2120; 2120; mt6765; in_ID; 625506491)"
27.124.95.249 - - [30/Jul/2024:18:06:43 +0700] "GET /favicon/favicon-16x16.png HTTP/1.0" 200 401 "https://ygflive.com/?fbclid=PAZXh0bgNhZW0CMTEAAaaXl0Pcz0VeQnavDy8xsP8j8s0h_nFDULPtOorT9VhKV7cbjV6pX7n_L24_aem_1bHuKU8RCB6OqiW9g38L1A" "Mozilla/5.0 (Linux; Android 12; V2120 Build/SP1A.210812.003; wv) AppleWebKit/537.36 (KHTML, like Gecko) Version/4.0 Chrome/126.0.6478.186 Mobile Safari/537.36 Instagram 341.0.0.45.100 Android (31/12; 300dpi; 720x1475; vivo; V2120; 2120; mt6765; in_ID; 625506491)"
27.124.95.249 - - [30/Jul/2024:18:06:43 +0700] "GET /favicon/favicon-96x96.png HTTP/1.0" 200 401 "https://ygflive.com/?fbclid=PAZXh0bgNhZW0CMTEAAaaXl0Pcz0VeQnavDy8xsP8j8s0h_nFDULPtOorT9VhKV7cbjV6pX7n_L24_aem_1bHuKU8RCB6OqiW9g38L1A" "Mozilla/5.0 (Linux; Android 12; V2120 Build/SP1A.210812.003; wv) AppleWebKit/537.36 (KHTML, like Gecko) Version/4.0 Chrome/126.0.6478.186 Mobile Safari/537.36 Instagram 341.0.0.45.100 Android (31/12; 300dpi; 720x1475; vivo; V2120; 2120; mt6765; in_ID; 625506491)"
27.124.95.249 - - [30/Jul/2024:18:06:43 +0700] "GET /favicon/android-icon-192x192.png HTTP/1.0" 200 408 "https://ygflive.com/?fbclid=PAZXh0bgNhZW0CMTEAAaaXl0Pcz0VeQnavDy8xsP8j8s0h_nFDULPtOorT9VhKV7cbjV6pX7n_L24_aem_1bHuKU8RCB6OqiW9g38L1A" "Mozilla/5.0 (Linux; Android 12; V2120 Build/SP1A.210812.003; wv) AppleWebKit/537.36 (KHTML, like Gecko) Version/4.0 Chrome/126.0.6478.186 Mobile Safari/537.36 Instagram 341.0.0.45.100 Android (31/12; 300dpi; 720x1475; vivo; V2120; 2120; mt6765; in_ID; 625506491)"
27.124.95.249 - - [30/Jul/2024:18:06:43 +0700] "GET /favicon/favicon-32x32.png HTTP/1.0" 200 401 "https://ygflive.com/?fbclid=PAZXh0bgNhZW0CMTEAAaaXl0Pcz0VeQnavDy8xsP8j8s0h_nFDULPtOorT9VhKV7cbjV6pX7n_L24_aem_1bHuKU8RCB6OqiW9g38L1A" "Mozilla/5.0 (Linux; Android 12; V2120 Build/SP1A.210812.003; wv) AppleWebKit/537.36 (KHTML, like Gecko) Version/4.0 Chrome/126.0.6478.186 Mobile Safari/537.36 Instagram 341.0.0.45.100 Android (31/12; 300dpi; 720x1475; vivo; V2120; 2120; mt6765; in_ID; 625506491)"
103.30.147.69 - - [30/Jul/2024:18:35:52 +0700] "GET / HTTP/1.0" 200 34006 "-" "Python/3.11 aiohttp/3.9.2"
103.123.16.140 - - [30/Jul/2024:18:36:27 +0700] "GET / HTTP/1.0" 200 34006 "-" "Python/3.11 aiohttp/3.9.2"
17.241.227.200 - - [30/Jul/2024:18:41:36 +0700] "GET / HTTP/1.0" 200 34006 "-" "Mozilla/5.0 (Macintosh; Intel Mac OS X 10_15_7) AppleWebKit/605.1.15 (KHTML, like Gecko) Version/17.4 Safari/605.1.15 (Applebot/0.1; +http://www.apple.com/go/applebot)"
17.241.227.87 - - [30/Jul/2024:18:41:40 +0700] "GET /robots.txt HTTP/1.0" 200 474 "-" "Mozilla/5.0 (Macintosh; Intel Mac OS X 10_15_7) AppleWebKit/605.1.15 (KHTML, like Gecko) Version/17.4 Safari/605.1.15 (Applebot/0.1; +http://www.apple.com/go/applebot)"
17.241.227.87 - - [30/Jul/2024:18:41:40 +0700] "GET /js/uikit.min.js HTTP/1.0" 200 404 "https://www.ygflive.com/" "Mozilla/5.0 (Macintosh; Intel Mac OS X 10_15_7) AppleWebKit/605.1.15 (KHTML, like Gecko) Version/17.4 Safari/605.1.15 (Applebot/0.1; +http://www.apple.com/go/applebot)"
17.241.227.87 - - [30/Jul/2024:18:41:40 +0700] "GET /js/uikit.min.js HTTP/1.1" 200 131443 "https://www.ygflive.com/" "Mozilla/5.0 (Macintosh; Intel Mac OS X 10_15_7) AppleWebKit/605.1.15 (KHTML, like Gecko) Version/17.4 Safari/605.1.15 (Applebot/0.1; +http://www.apple.com/go/applebot)"
17.241.227.26 - - [30/Jul/2024:18:41:41 +0700] "GET /js/theme.js HTTP/1.1" 200 8143 "https://www.ygflive.com/" "Mozilla/5.0 (Macintosh; Intel Mac OS X 10_15_7) AppleWebKit/605.1.15 (KHTML, like Gecko) Version/17.4 Safari/605.1.15 (Applebot/0.1; +http://www.apple.com/go/applebot)"
17.241.227.33 - - [30/Jul/2024:18:41:41 +0700] "GET /js/uikit-icons.min.js HTTP/1.1" 200 64042 "https://www.ygflive.com/" "Mozilla/5.0 (Macintosh; Intel Mac OS X 10_15_7) AppleWebKit/605.1.15 (KHTML, like Gecko) Version/17.4 Safari/605.1.15 (Applebot/0.1; +http://www.apple.com/go/applebot)"
17.241.227.26 - - [30/Jul/2024:18:41:41 +0700] "GET /js/theme.js HTTP/1.0" 200 400 "https://www.ygflive.com/" "Mozilla/5.0 (Macintosh; Intel Mac OS X 10_15_7) AppleWebKit/605.1.15 (KHTML, like Gecko) Version/17.4 Safari/605.1.15 (Applebot/0.1; +http://www.apple.com/go/applebot)"
17.241.227.33 - - [30/Jul/2024:18:41:41 +0700] "GET /js/uikit-icons.min.js HTTP/1.0" 200 410 "https://www.ygflive.com/" "Mozilla/5.0 (Macintosh; Intel Mac OS X 10_15_7) AppleWebKit/605.1.15 (KHTML, like Gecko) Version/17.4 Safari/605.1.15 (Applebot/0.1; +http://www.apple.com/go/applebot)"
17.241.219.12 - - [30/Jul/2024:18:41:42 +0700] "GET /css/theme.css HTTP/1.0" 200 388 "https://www.ygflive.com/" "Mozilla/5.0 (Macintosh; Intel Mac OS X 10_15_7) AppleWebKit/605.1.15 (KHTML, like Gecko) Version/17.4 Safari/605.1.15 (Applebot/0.1; +http://www.apple.com/go/applebot)"
17.241.219.12 - - [30/Jul/2024:18:41:42 +0700] "GET /css/theme.css HTTP/1.1" 200 480013 "https://www.ygflive.com/" "Mozilla/5.0 (Macintosh; Intel Mac OS X 10_15_7) AppleWebKit/605.1.15 (KHTML, like Gecko) Version/17.4 Safari/605.1.15 (Applebot/0.1; +http://www.apple.com/go/applebot)"
17.241.227.33 - - [30/Jul/2024:18:41:45 +0700] "GET /images/rembug-budaya-button.svg HTTP/1.1" 200 23134 "https://www.ygflive.com/" "Mozilla/5.0 (Macintosh; Intel Mac OS X 10_15_7) AppleWebKit/605.1.15 (KHTML, like Gecko) Version/17.4 Safari/605.1.15 (Applebot/0.1; +http://www.apple.com/go/applebot)"
17.241.227.26 - - [30/Jul/2024:18:41:45 +0700] "GET /images/workshop-button.svg HTTP/1.1" 200 20207 "https://www.ygflive.com/" "Mozilla/5.0 (Macintosh; Intel Mac OS X 10_15_7) AppleWebKit/605.1.15 (KHTML, like Gecko) Version/17.4 Safari/605.1.15 (Applebot/0.1; +http://www.apple.com/go/applebot)"
17.241.227.33 - - [30/Jul/2024:18:41:45 +0700] "GET /images/rembug-budaya-button.svg HTTP/1.0" 200 411 "https://www.ygflive.com/" "Mozilla/5.0 (Macintosh; Intel Mac OS X 10_15_7) AppleWebKit/605.1.15 (KHTML, like Gecko) Version/17.4 Safari/605.1.15 (Applebot/0.1; +http://www.apple.com/go/applebot)"
17.241.227.26 - - [30/Jul/2024:18:41:45 +0700] "GET /images/workshop-button.svg HTTP/1.0" 200 406 "https://www.ygflive.com/" "Mozilla/5.0 (Macintosh; Intel Mac OS X 10_15_7) AppleWebKit/605.1.15 (KHTML, like Gecko) Version/17.4 Safari/605.1.15 (Applebot/0.1; +http://www.apple.com/go/applebot)"
31.13.115.4 - - [30/Jul/2024:18:57:51 +0700] "GET / HTTP/1.0" 200 34006 "-" "facebookexternalhit/1.1 (+http://www.facebook.com/externalhit_uatext.php)"
103.30.147.69 - - [30/Jul/2024:19:05:48 +0700] "GET / HTTP/1.0" 200 34006 "-" "Python/3.11 aiohttp/3.9.2"
103.123.16.140 - - [30/Jul/2024:19:06:28 +0700] "GET / HTTP/1.0" 200 34006 "-" "Python/3.11 aiohttp/3.9.2"
103.30.147.69 - - [30/Jul/2024:19:35:53 +0700] "GET / HTTP/1.0" 200 34006 "-" "Python/3.11 aiohttp/3.9.2"
103.123.16.140 - - [30/Jul/2024:19:36:28 +0700] "GET / HTTP/1.0" 200 34006 "-" "Python/3.11 aiohttp/3.9.2"
103.30.147.69 - - [30/Jul/2024:20:05:45 +0700] "GET / HTTP/1.0" 200 34006 "-" "Python/3.11 aiohttp/3.9.2"
103.123.16.140 - - [30/Jul/2024:20:06:29 +0700] "GET / HTTP/1.0" 200 34006 "-" "Python/3.11 aiohttp/3.9.2"
103.30.147.69 - - [30/Jul/2024:20:35:40 +0700] "GET / HTTP/1.0" 200 34006 "-" "Python/3.11 aiohttp/3.9.2"
103.123.16.140 - - [30/Jul/2024:20:36:30 +0700] "GET / HTTP/1.0" 200 34006 "-" "Python/3.11 aiohttp/3.9.2"
52.167.144.54 - - [30/Jul/2024:20:47:07 +0700] "GET /robots.txt HTTP/1.0" 200 474 "-" "Mozilla/5.0 AppleWebKit/537.36 (KHTML, like Gecko; compatible; bingbot/2.0; +http://www.bing.com/bingbot.htm) Chrome/116.0.1938.76 Safari/537.36"
40.77.167.65 - - [30/Jul/2024:20:47:31 +0700] "GET / HTTP/1.0" 200 34006 "-" "Mozilla/5.0 AppleWebKit/537.36 (KHTML, like Gecko; compatible; bingbot/2.0; +http://www.bing.com/bingbot.htm) Chrome/116.0.1938.76 Safari/537.36"
103.30.147.69 - - [30/Jul/2024:21:05:27 +0700] "GET / HTTP/1.0" 200 34006 "-" "Python/3.11 aiohttp/3.9.2"
103.123.16.140 - - [30/Jul/2024:21:06:30 +0700] "GET / HTTP/1.0" 200 34006 "-" "Python/3.11 aiohttp/3.9.2"
42.83.147.55 - - [30/Jul/2024:21:27:43 +0700] "GET / HTTP/1.0" 200 34006 "-" "Mozilla/5.0 (Windows NT 6.1; Win64; x64) AppleWebKit/537.36 (KHTML, like Gecko)Chrome/74.0.3729.169 Safari/537.36"
31.13.127.26 - - [30/Jul/2024:21:33:34 +0700] "GET /?fbclid=IwZXh0bgNhZW0CMTEAAR0wE4QhxNrwugnQnYZc-lbtJJTRM3m0casV4FmSAzTHmjoPYg7JD-liTXc_aem_-3OmlFSD_A76hw7i0gRZmA HTTP/1.0" 200 34762 "-" "Mozilla/5.0 (iPhone; CPU iPhone OS 17_5_1 like Mac OS X) AppleWebKit/605.1.15 (KHTML, like Gecko) Version/17.5 Mobile/15E148 Safari/604.1"
31.13.127.26 - - [30/Jul/2024:21:33:36 +0700] "GET /css/theme.css HTTP/1.0" 200 388 "https://ygflive.com/?fbclid=IwZXh0bgNhZW0CMTEAAR0wE4QhxNrwugnQnYZc-lbtJJTRM3m0casV4FmSAzTHmjoPYg7JD-liTXc_aem_-3OmlFSD_A76hw7i0gRZmA" "Mozilla/5.0 (iPhone; CPU iPhone OS 17_5_1 like Mac OS X) AppleWebKit/605.1.15 (KHTML, like Gecko) Version/17.5 Mobile/15E148 Safari/604.1"
31.13.127.26 - - [30/Jul/2024:21:33:36 +0700] "GET /css/theme.css HTTP/2.0" 200 47428 "https://ygflive.com/?fbclid=IwZXh0bgNhZW0CMTEAAR0wE4QhxNrwugnQnYZc-lbtJJTRM3m0casV4FmSAzTHmjoPYg7JD-liTXc_aem_-3OmlFSD_A76hw7i0gRZmA" "Mozilla/5.0 (iPhone; CPU iPhone OS 17_5_1 like Mac OS X) AppleWebKit/605.1.15 (KHTML, like Gecko) Version/17.5 Mobile/15E148 Safari/604.1"
31.13.127.3 - - [30/Jul/2024:21:33:37 +0700] "GET /images/ygf.svg HTTP/2.0" 200 1214 "https://ygflive.com/?fbclid=IwZXh0bgNhZW0CMTEAAR0wE4QhxNrwugnQnYZc-lbtJJTRM3m0casV4FmSAzTHmjoPYg7JD-liTXc_aem_-3OmlFSD_A76hw7i0gRZmA" "Mozilla/5.0 (iPhone; CPU iPhone OS 17_5_1 like Mac OS X) AppleWebKit/605.1.15 (KHTML, like Gecko) Version/17.5 Mobile/15E148 Safari/604.1"
31.13.127.21 - - [30/Jul/2024:21:33:37 +0700] "GET /js/uikit.min.js HTTP/2.0" 200 39865 "https://ygflive.com/?fbclid=IwZXh0bgNhZW0CMTEAAR0wE4QhxNrwugnQnYZc-lbtJJTRM3m0casV4FmSAzTHmjoPYg7JD-liTXc_aem_-3OmlFSD_A76hw7i0gRZmA" "Mozilla/5.0 (iPhone; CPU iPhone OS 17_5_1 like Mac OS X) AppleWebKit/605.1.15 (KHTML, like Gecko) Version/17.5 Mobile/15E148 Safari/604.1"
31.13.127.22 - - [30/Jul/2024:21:33:37 +0700] "GET /images/komunitas-gayam.svg HTTP/2.0" 200 13191 "https://ygflive.com/?fbclid=IwZXh0bgNhZW0CMTEAAR0wE4QhxNrwugnQnYZc-lbtJJTRM3m0casV4FmSAzTHmjoPYg7JD-liTXc_aem_-3OmlFSD_A76hw7i0gRZmA" "Mozilla/5.0 (iPhone; CPU iPhone OS 17_5_1 like Mac OS X) AppleWebKit/605.1.15 (KHTML, like Gecko) Version/17.5 Mobile/15E148 Safari/604.1"
31.13.127.3 - - [30/Jul/2024:21:33:37 +0700] "GET /images/ygf.svg HTTP/1.0" 200 394 "https://ygflive.com/?fbclid=IwZXh0bgNhZW0CMTEAAR0wE4QhxNrwugnQnYZc-lbtJJTRM3m0casV4FmSAzTHmjoPYg7JD-liTXc_aem_-3OmlFSD_A76hw7i0gRZmA" "Mozilla/5.0 (iPhone; CPU iPhone OS 17_5_1 like Mac OS X) AppleWebKit/605.1.15 (KHTML, like Gecko) Version/17.5 Mobile/15E148 Safari/604.1"
31.13.127.21 - - [30/Jul/2024:21:33:37 +0700] "GET /js/uikit.min.js HTTP/1.0" 200 404 "https://ygflive.com/?fbclid=IwZXh0bgNhZW0CMTEAAR0wE4QhxNrwugnQnYZc-lbtJJTRM3m0casV4FmSAzTHmjoPYg7JD-liTXc_aem_-3OmlFSD_A76hw7i0gRZmA" "Mozilla/5.0 (iPhone; CPU iPhone OS 17_5_1 like Mac OS X) AppleWebKit/605.1.15 (KHTML, like Gecko) Version/17.5 Mobile/15E148 Safari/604.1"
31.13.127.22 - - [30/Jul/2024:21:33:37 +0700] "GET /images/komunitas-gayam.svg HTTP/1.0" 200 406 "https://ygflive.com/?fbclid=IwZXh0bgNhZW0CMTEAAR0wE4QhxNrwugnQnYZc-lbtJJTRM3m0casV4FmSAzTHmjoPYg7JD-liTXc_aem_-3OmlFSD_A76hw7i0gRZmA" "Mozilla/5.0 (iPhone; CPU iPhone OS 17_5_1 like Mac OS X) AppleWebKit/605.1.15 (KHTML, like Gecko) Version/17.5 Mobile/15E148 Safari/604.1"
31.13.127.3 - - [30/Jul/2024:21:33:38 +0700] "GET /images/workshop-button.svg HTTP/1.0" 200 406 "https://ygflive.com/?fbclid=IwZXh0bgNhZW0CMTEAAR0wE4QhxNrwugnQnYZc-lbtJJTRM3m0casV4FmSAzTHmjoPYg7JD-liTXc_aem_-3OmlFSD_A76hw7i0gRZmA" "Mozilla/5.0 (iPhone; CPU iPhone OS 17_5_1 like Mac OS X) AppleWebKit/605.1.15 (KHTML, like Gecko) Version/17.5 Mobile/15E148 Safari/604.1"
31.13.127.22 - - [30/Jul/2024:21:33:38 +0700] "GET /images/rembug-budaya-button.svg HTTP/1.0" 200 411 "https://ygflive.com/?fbclid=IwZXh0bgNhZW0CMTEAAR0wE4QhxNrwugnQnYZc-lbtJJTRM3m0casV4FmSAzTHmjoPYg7JD-liTXc_aem_-3OmlFSD_A76hw7i0gRZmA" "Mozilla/5.0 (iPhone; CPU iPhone OS 17_5_1 like Mac OS X) AppleWebKit/605.1.15 (KHTML, like Gecko) Version/17.5 Mobile/15E148 Safari/604.1"
31.13.127.3 - - [30/Jul/2024:21:33:38 +0700] "GET /images/LOKA-03.jpg HTTP/1.0" 200 395 "https://ygflive.com/?fbclid=IwZXh0bgNhZW0CMTEAAR0wE4QhxNrwugnQnYZc-lbtJJTRM3m0casV4FmSAzTHmjoPYg7JD-liTXc_aem_-3OmlFSD_A76hw7i0gRZmA" "Mozilla/5.0 (iPhone; CPU iPhone OS 17_5_1 like Mac OS X) AppleWebKit/605.1.15 (KHTML, like Gecko) Version/17.5 Mobile/15E148 Safari/604.1"
31.13.127.22 - - [30/Jul/2024:21:33:38 +0700] "GET /js/uikit-icons.min.js HTTP/1.0" 200 410 "https://ygflive.com/?fbclid=IwZXh0bgNhZW0CMTEAAR0wE4QhxNrwugnQnYZc-lbtJJTRM3m0casV4FmSAzTHmjoPYg7JD-liTXc_aem_-3OmlFSD_A76hw7i0gRZmA" "Mozilla/5.0 (iPhone; CPU iPhone OS 17_5_1 like Mac OS X) AppleWebKit/605.1.15 (KHTML, like Gecko) Version/17.5 Mobile/15E148 Safari/604.1"
31.13.127.21 - - [30/Jul/2024:21:33:38 +0700] "GET /js/theme.js HTTP/1.0" 200 400 "https://ygflive.com/?fbclid=IwZXh0bgNhZW0CMTEAAR0wE4QhxNrwugnQnYZc-lbtJJTRM3m0casV4FmSAzTHmjoPYg7JD-liTXc_aem_-3OmlFSD_A76hw7i0gRZmA" "Mozilla/5.0 (iPhone; CPU iPhone OS 17_5_1 like Mac OS X) AppleWebKit/605.1.15 (KHTML, like Gecko) Version/17.5 Mobile/15E148 Safari/604.1"
31.13.127.3 - - [30/Jul/2024:21:33:38 +0700] "GET /images/workshop-button.svg HTTP/2.0" 200 20207 "https://ygflive.com/?fbclid=IwZXh0bgNhZW0CMTEAAR0wE4QhxNrwugnQnYZc-lbtJJTRM3m0casV4FmSAzTHmjoPYg7JD-liTXc_aem_-3OmlFSD_A76hw7i0gRZmA" "Mozilla/5.0 (iPhone; CPU iPhone OS 17_5_1 like Mac OS X) AppleWebKit/605.1.15 (KHTML, like Gecko) Version/17.5 Mobile/15E148 Safari/604.1"
31.13.127.22 - - [30/Jul/2024:21:33:38 +0700] "GET /images/rembug-budaya-button.svg HTTP/2.0" 200 23134 "https://ygflive.com/?fbclid=IwZXh0bgNhZW0CMTEAAR0wE4QhxNrwugnQnYZc-lbtJJTRM3m0casV4FmSAzTHmjoPYg7JD-liTXc_aem_-3OmlFSD_A76hw7i0gRZmA" "Mozilla/5.0 (iPhone; CPU iPhone OS 17_5_1 like Mac OS X) AppleWebKit/605.1.15 (KHTML, like Gecko) Version/17.5 Mobile/15E148 Safari/604.1"
31.13.127.22 - - [30/Jul/2024:21:33:38 +0700] "GET /js/uikit-icons.min.js HTTP/2.0" 200 17345 "https://ygflive.com/?fbclid=IwZXh0bgNhZW0CMTEAAR0wE4QhxNrwugnQnYZc-lbtJJTRM3m0casV4FmSAzTHmjoPYg7JD-liTXc_aem_-3OmlFSD_A76hw7i0gRZmA" "Mozilla/5.0 (iPhone; CPU iPhone OS 17_5_1 like Mac OS X) AppleWebKit/605.1.15 (KHTML, like Gecko) Version/17.5 Mobile/15E148 Safari/604.1"
31.13.127.21 - - [30/Jul/2024:21:33:38 +0700] "GET /js/theme.js HTTP/2.0" 200 2513 "https://ygflive.com/?fbclid=IwZXh0bgNhZW0CMTEAAR0wE4QhxNrwugnQnYZc-lbtJJTRM3m0casV4FmSAzTHmjoPYg7JD-liTXc_aem_-3OmlFSD_A76hw7i0gRZmA" "Mozilla/5.0 (iPhone; CPU iPhone OS 17_5_1 like Mac OS X) AppleWebKit/605.1.15 (KHTML, like Gecko) Version/17.5 Mobile/15E148 Safari/604.1"
31.13.127.3 - - [30/Jul/2024:21:33:39 +0700] "GET /images/LOKA-03.jpg HTTP/2.0" 200 269535 "https://ygflive.com/?fbclid=IwZXh0bgNhZW0CMTEAAR0wE4QhxNrwugnQnYZc-lbtJJTRM3m0casV4FmSAzTHmjoPYg7JD-liTXc_aem_-3OmlFSD_A76hw7i0gRZmA" "Mozilla/5.0 (iPhone; CPU iPhone OS 17_5_1 like Mac OS X) AppleWebKit/605.1.15 (KHTML, like Gecko) Version/17.5 Mobile/15E148 Safari/604.1"
31.13.127.21 - - [30/Jul/2024:21:33:39 +0700] "GET /images/left-cloud.png HTTP/2.0" 200 22298 "https://ygflive.com/css/theme.css" "Mozilla/5.0 (iPhone; CPU iPhone OS 17_5_1 like Mac OS X) AppleWebKit/605.1.15 (KHTML, like Gecko) Version/17.5 Mobile/15E148 Safari/604.1"
31.13.127.22 - - [30/Jul/2024:21:33:39 +0700] "GET /images/REMBUG-BUDAYA-01.jpg HTTP/2.0" 200 247047 "https://ygflive.com/?fbclid=IwZXh0bgNhZW0CMTEAAR0wE4QhxNrwugnQnYZc-lbtJJTRM3m0casV4FmSAzTHmjoPYg7JD-liTXc_aem_-3OmlFSD_A76hw7i0gRZmA" "Mozilla/5.0 (iPhone; CPU iPhone OS 17_5_1 like Mac OS X) AppleWebKit/605.1.15 (KHTML, like Gecko) Version/17.5 Mobile/15E148 Safari/604.1"
31.13.127.21 - - [30/Jul/2024:21:33:39 +0700] "GET /images/top2.png HTTP/2.0" 200 38881 "https://ygflive.com/css/theme.css" "Mozilla/5.0 (iPhone; CPU iPhone OS 17_5_1 like Mac OS X) AppleWebKit/605.1.15 (KHTML, like Gecko) Version/17.5 Mobile/15E148 Safari/604.1"
31.13.127.3 - - [30/Jul/2024:21:33:39 +0700] "GET /images/bottom2.png HTTP/2.0" 200 38374 "https://ygflive.com/css/theme.css" "Mozilla/5.0 (iPhone; CPU iPhone OS 17_5_1 like Mac OS X) AppleWebKit/605.1.15 (KHTML, like Gecko) Version/17.5 Mobile/15E148 Safari/604.1"
31.13.127.22 - - [30/Jul/2024:21:33:39 +0700] "GET /images/REMBUG-BUDAYA-01.jpg HTTP/1.0" 200 404 "https://ygflive.com/?fbclid=IwZXh0bgNhZW0CMTEAAR0wE4QhxNrwugnQnYZc-lbtJJTRM3m0casV4FmSAzTHmjoPYg7JD-liTXc_aem_-3OmlFSD_A76hw7i0gRZmA" "Mozilla/5.0 (iPhone; CPU iPhone OS 17_5_1 like Mac OS X) AppleWebKit/605.1.15 (KHTML, like Gecko) Version/17.5 Mobile/15E148 Safari/604.1"
31.13.127.21 - - [30/Jul/2024:21:33:39 +0700] "GET /images/left-cloud.png HTTP/1.0" 200 397 "https://ygflive.com/css/theme.css" "Mozilla/5.0 (iPhone; CPU iPhone OS 17_5_1 like Mac OS X) AppleWebKit/605.1.15 (KHTML, like Gecko) Version/17.5 Mobile/15E148 Safari/604.1"
31.13.127.21 - - [30/Jul/2024:21:33:39 +0700] "GET /images/top2.png HTTP/1.0" 200 391 "https://ygflive.com/css/theme.css" "Mozilla/5.0 (iPhone; CPU iPhone OS 17_5_1 like Mac OS X) AppleWebKit/605.1.15 (KHTML, like Gecko) Version/17.5 Mobile/15E148 Safari/604.1"
31.13.127.3 - - [30/Jul/2024:21:33:39 +0700] "GET /images/bottom2.png HTTP/1.0" 200 394 "https://ygflive.com/css/theme.css" "Mozilla/5.0 (iPhone; CPU iPhone OS 17_5_1 like Mac OS X) AppleWebKit/605.1.15 (KHTML, like Gecko) Version/17.5 Mobile/15E148 Safari/604.1"
31.13.127.21 - - [30/Jul/2024:21:33:40 +0700] "GET /images/bg-left.png HTTP/1.0" 200 394 "https://ygflive.com/css/theme.css" "Mozilla/5.0 (iPhone; CPU iPhone OS 17_5_1 like Mac OS X) AppleWebKit/605.1.15 (KHTML, like Gecko) Version/17.5 Mobile/15E148 Safari/604.1"
31.13.127.22 - - [30/Jul/2024:21:33:40 +0700] "GET /images/bg-right.png HTTP/1.0" 200 395 "https://ygflive.com/css/theme.css" "Mozilla/5.0 (iPhone; CPU iPhone OS 17_5_1 like Mac OS X) AppleWebKit/605.1.15 (KHTML, like Gecko) Version/17.5 Mobile/15E148 Safari/604.1"
31.13.127.3 - - [30/Jul/2024:21:33:40 +0700] "GET /images/circle-left.png HTTP/1.0" 200 398 "https://ygflive.com/css/theme.css" "Mozilla/5.0 (iPhone; CPU iPhone OS 17_5_1 like Mac OS X) AppleWebKit/605.1.15 (KHTML, like Gecko) Version/17.5 Mobile/15E148 Safari/604.1"
31.13.127.21 - - [30/Jul/2024:21:33:40 +0700] "GET /images/left-hand.png HTTP/1.0" 200 396 "https://ygflive.com/css/theme.css" "Mozilla/5.0 (iPhone; CPU iPhone OS 17_5_1 like Mac OS X) AppleWebKit/605.1.15 (KHTML, like Gecko) Version/17.5 Mobile/15E148 Safari/604.1"
31.13.127.22 - - [30/Jul/2024:21:33:40 +0700] "GET /images/right-cloud.png HTTP/1.0" 200 398 "https://ygflive.com/css/theme.css" "Mozilla/5.0 (iPhone; CPU iPhone OS 17_5_1 like Mac OS X) AppleWebKit/605.1.15 (KHTML, like Gecko) Version/17.5 Mobile/15E148 Safari/604.1"
31.13.127.3 - - [30/Jul/2024:21:33:40 +0700] "GET /images/right-hand.png HTTP/1.0" 200 397 "https://ygflive.com/css/theme.css" "Mozilla/5.0 (iPhone; CPU iPhone OS 17_5_1 like Mac OS X) AppleWebKit/605.1.15 (KHTML, like Gecko) Version/17.5 Mobile/15E148 Safari/604.1"
31.13.127.21 - - [30/Jul/2024:21:33:40 +0700] "GET /images/circle-right.png HTTP/1.0" 200 399 "https://ygflive.com/css/theme.css" "Mozilla/5.0 (iPhone; CPU iPhone OS 17_5_1 like Mac OS X) AppleWebKit/605.1.15 (KHTML, like Gecko) Version/17.5 Mobile/15E148 Safari/604.1"
31.13.127.22 - - [30/Jul/2024:21:33:40 +0700] "GET /images/RUNDOW-HARIAN-02.jpg HTTP/1.0" 200 404 "https://ygflive.com/?fbclid=IwZXh0bgNhZW0CMTEAAR0wE4QhxNrwugnQnYZc-lbtJJTRM3m0casV4FmSAzTHmjoPYg7JD-liTXc_aem_-3OmlFSD_A76hw7i0gRZmA" "Mozilla/5.0 (iPhone; CPU iPhone OS 17_5_1 like Mac OS X) AppleWebKit/605.1.15 (KHTML, like Gecko) Version/17.5 Mobile/15E148 Safari/604.1"
31.13.127.21 - - [30/Jul/2024:21:33:40 +0700] "GET /images/bg-left.png HTTP/2.0" 200 7745 "https://ygflive.com/css/theme.css" "Mozilla/5.0 (iPhone; CPU iPhone OS 17_5_1 like Mac OS X) AppleWebKit/605.1.15 (KHTML, like Gecko) Version/17.5 Mobile/15E148 Safari/604.1"
31.13.127.22 - - [30/Jul/2024:21:33:40 +0700] "GET /images/bg-right.png HTTP/2.0" 200 8227 "https://ygflive.com/css/theme.css" "Mozilla/5.0 (iPhone; CPU iPhone OS 17_5_1 like Mac OS X) AppleWebKit/605.1.15 (KHTML, like Gecko) Version/17.5 Mobile/15E148 Safari/604.1"
31.13.127.3 - - [30/Jul/2024:21:33:40 +0700] "GET /images/circle-left.png HTTP/2.0" 200 131957 "https://ygflive.com/css/theme.css" "Mozilla/5.0 (iPhone; CPU iPhone OS 17_5_1 like Mac OS X) AppleWebKit/605.1.15 (KHTML, like Gecko) Version/17.5 Mobile/15E148 Safari/604.1"
31.13.127.21 - - [30/Jul/2024:21:33:40 +0700] "GET /images/left-hand.png HTTP/2.0" 200 56287 "https://ygflive.com/css/theme.css" "Mozilla/5.0 (iPhone; CPU iPhone OS 17_5_1 like Mac OS X) AppleWebKit/605.1.15 (KHTML, like Gecko) Version/17.5 Mobile/15E148 Safari/604.1"
31.13.127.22 - - [30/Jul/2024:21:33:40 +0700] "GET /images/right-cloud.png HTTP/2.0" 200 16913 "https://ygflive.com/css/theme.css" "Mozilla/5.0 (iPhone; CPU iPhone OS 17_5_1 like Mac OS X) AppleWebKit/605.1.15 (KHTML, like Gecko) Version/17.5 Mobile/15E148 Safari/604.1"
31.13.127.3 - - [30/Jul/2024:21:33:40 +0700] "GET /images/right-hand.png HTTP/2.0" 200 46411 "https://ygflive.com/css/theme.css" "Mozilla/5.0 (iPhone; CPU iPhone OS 17_5_1 like Mac OS X) AppleWebKit/605.1.15 (KHTML, like Gecko) Version/17.5 Mobile/15E148 Safari/604.1"
31.13.127.22 - - [30/Jul/2024:21:33:40 +0700] "GET /images/RUNDOW-HARIAN-02.jpg HTTP/2.0" 200 260087 "https://ygflive.com/?fbclid=IwZXh0bgNhZW0CMTEAAR0wE4QhxNrwugnQnYZc-lbtJJTRM3m0casV4FmSAzTHmjoPYg7JD-liTXc_aem_-3OmlFSD_A76hw7i0gRZmA" "Mozilla/5.0 (iPhone; CPU iPhone OS 17_5_1 like Mac OS X) AppleWebKit/605.1.15 (KHTML, like Gecko) Version/17.5 Mobile/15E148 Safari/604.1"
31.13.127.21 - - [30/Jul/2024:21:33:41 +0700] "GET /images/circle-right.png HTTP/2.0" 200 157390 "https://ygflive.com/css/theme.css" "Mozilla/5.0 (iPhone; CPU iPhone OS 17_5_1 like Mac OS X) AppleWebKit/605.1.15 (KHTML, like Gecko) Version/17.5 Mobile/15E148 Safari/604.1"
31.13.127.3 - - [30/Jul/2024:21:33:41 +0700] "GET /images/LOKA-04.jpg HTTP/2.0" 200 369762 "https://ygflive.com/?fbclid=IwZXh0bgNhZW0CMTEAAR0wE4QhxNrwugnQnYZc-lbtJJTRM3m0casV4FmSAzTHmjoPYg7JD-liTXc_aem_-3OmlFSD_A76hw7i0gRZmA" "Mozilla/5.0 (iPhone; CPU iPhone OS 17_5_1 like Mac OS X) AppleWebKit/605.1.15 (KHTML, like Gecko) Version/17.5 Mobile/15E148 Safari/604.1"
31.13.127.21 - - [30/Jul/2024:21:33:41 +0700] "GET /images/REMBUG-BUDAYA-02.jpg HTTP/2.0" 200 765193 "https://ygflive.com/?fbclid=IwZXh0bgNhZW0CMTEAAR0wE4QhxNrwugnQnYZc-lbtJJTRM3m0casV4FmSAzTHmjoPYg7JD-liTXc_aem_-3OmlFSD_A76hw7i0gRZmA" "Mozilla/5.0 (iPhone; CPU iPhone OS 17_5_1 like Mac OS X) AppleWebKit/605.1.15 (KHTML, like Gecko) Version/17.5 Mobile/15E148 Safari/604.1"
31.13.127.3 - - [30/Jul/2024:21:33:41 +0700] "GET /images/LOKA-04.jpg HTTP/1.0" 200 395 "https://ygflive.com/?fbclid=IwZXh0bgNhZW0CMTEAAR0wE4QhxNrwugnQnYZc-lbtJJTRM3m0casV4FmSAzTHmjoPYg7JD-liTXc_aem_-3OmlFSD_A76hw7i0gRZmA" "Mozilla/5.0 (iPhone; CPU iPhone OS 17_5_1 like Mac OS X) AppleWebKit/605.1.15 (KHTML, like Gecko) Version/17.5 Mobile/15E148 Safari/604.1"
31.13.127.21 - - [30/Jul/2024:21:33:41 +0700] "GET /images/REMBUG-BUDAYA-02.jpg HTTP/1.0" 200 404 "https://ygflive.com/?fbclid=IwZXh0bgNhZW0CMTEAAR0wE4QhxNrwugnQnYZc-lbtJJTRM3m0casV4FmSAzTHmjoPYg7JD-liTXc_aem_-3OmlFSD_A76hw7i0gRZmA" "Mozilla/5.0 (iPhone; CPU iPhone OS 17_5_1 like Mac OS X) AppleWebKit/605.1.15 (KHTML, like Gecko) Version/17.5 Mobile/15E148 Safari/604.1"
31.13.127.21 - - [30/Jul/2024:21:33:42 +0700] "GET /favicon/favicon-32x32.png HTTP/1.0" 200 401 "https://ygflive.com/?fbclid=IwZXh0bgNhZW0CMTEAAR0wE4QhxNrwugnQnYZc-lbtJJTRM3m0casV4FmSAzTHmjoPYg7JD-liTXc_aem_-3OmlFSD_A76hw7i0gRZmA" "Mozilla/5.0 (iPhone; CPU iPhone OS 17_5_1 like Mac OS X) AppleWebKit/605.1.15 (KHTML, like Gecko) Version/17.5 Mobile/15E148 Safari/604.1"
31.13.127.21 - - [30/Jul/2024:21:33:42 +0700] "GET /favicon/favicon-32x32.png HTTP/2.0" 200 2968 "https://ygflive.com/?fbclid=IwZXh0bgNhZW0CMTEAAR0wE4QhxNrwugnQnYZc-lbtJJTRM3m0casV4FmSAzTHmjoPYg7JD-liTXc_aem_-3OmlFSD_A76hw7i0gRZmA" "Mozilla/5.0 (iPhone; CPU iPhone OS 17_5_1 like Mac OS X) AppleWebKit/605.1.15 (KHTML, like Gecko) Version/17.5 Mobile/15E148 Safari/604.1"
31.13.127.3 - - [30/Jul/2024:21:33:59 +0700] "GET /images/ygf.svg HTTP/2.0" 200 1214 "https://ygflive.com/?fbclid=IwZXh0bgNhZW0CMTEAAR0wE4QhxNrwugnQnYZc-lbtJJTRM3m0casV4FmSAzTHmjoPYg7JD-liTXc_aem_-3OmlFSD_A76hw7i0gRZmA" "Mozilla/5.0 (iPhone; CPU iPhone OS 17_5_1 like Mac OS X) AppleWebKit/605.1.15 (KHTML, like Gecko) Version/17.5 Mobile/15E148 Safari/604.1"
31.13.127.21 - - [30/Jul/2024:21:33:59 +0700] "GET /images/komunitas-gayam.svg HTTP/2.0" 200 13191 "https://ygflive.com/?fbclid=IwZXh0bgNhZW0CMTEAAR0wE4QhxNrwugnQnYZc-lbtJJTRM3m0casV4FmSAzTHmjoPYg7JD-liTXc_aem_-3OmlFSD_A76hw7i0gRZmA" "Mozilla/5.0 (iPhone; CPU iPhone OS 17_5_1 like Mac OS X) AppleWebKit/605.1.15 (KHTML, like Gecko) Version/17.5 Mobile/15E148 Safari/604.1"
31.13.127.26 - - [30/Jul/2024:21:33:59 +0700] "GET /images/rembug-budaya-button.svg HTTP/2.0" 200 23134 "https://ygflive.com/?fbclid=IwZXh0bgNhZW0CMTEAAR0wE4QhxNrwugnQnYZc-lbtJJTRM3m0casV4FmSAzTHmjoPYg7JD-liTXc_aem_-3OmlFSD_A76hw7i0gRZmA" "Mozilla/5.0 (iPhone; CPU iPhone OS 17_5_1 like Mac OS X) AppleWebKit/605.1.15 (KHTML, like Gecko) Version/17.5 Mobile/15E148 Safari/604.1"
31.13.127.22 - - [30/Jul/2024:21:33:59 +0700] "GET /images/workshop-button.svg HTTP/2.0" 200 20207 "https://ygflive.com/?fbclid=IwZXh0bgNhZW0CMTEAAR0wE4QhxNrwugnQnYZc-lbtJJTRM3m0casV4FmSAzTHmjoPYg7JD-liTXc_aem_-3OmlFSD_A76hw7i0gRZmA" "Mozilla/5.0 (iPhone; CPU iPhone OS 17_5_1 like Mac OS X) AppleWebKit/605.1.15 (KHTML, like Gecko) Version/17.5 Mobile/15E148 Safari/604.1"
31.13.127.26 - - [30/Jul/2024:21:33:59 +0700] "GET /images/rembug-budaya-button.svg HTTP/1.0" 200 411 "https://ygflive.com/?fbclid=IwZXh0bgNhZW0CMTEAAR0wE4QhxNrwugnQnYZc-lbtJJTRM3m0casV4FmSAzTHmjoPYg7JD-liTXc_aem_-3OmlFSD_A76hw7i0gRZmA" "Mozilla/5.0 (iPhone; CPU iPhone OS 17_5_1 like Mac OS X) AppleWebKit/605.1.15 (KHTML, like Gecko) Version/17.5 Mobile/15E148 Safari/604.1"
31.13.127.3 - - [30/Jul/2024:21:33:59 +0700] "GET /images/ygf.svg HTTP/1.0" 200 394 "https://ygflive.com/?fbclid=IwZXh0bgNhZW0CMTEAAR0wE4QhxNrwugnQnYZc-lbtJJTRM3m0casV4FmSAzTHmjoPYg7JD-liTXc_aem_-3OmlFSD_A76hw7i0gRZmA" "Mozilla/5.0 (iPhone; CPU iPhone OS 17_5_1 like Mac OS X) AppleWebKit/605.1.15 (KHTML, like Gecko) Version/17.5 Mobile/15E148 Safari/604.1"
31.13.127.21 - - [30/Jul/2024:21:33:59 +0700] "GET /images/komunitas-gayam.svg HTTP/1.0" 200 406 "https://ygflive.com/?fbclid=IwZXh0bgNhZW0CMTEAAR0wE4QhxNrwugnQnYZc-lbtJJTRM3m0casV4FmSAzTHmjoPYg7JD-liTXc_aem_-3OmlFSD_A76hw7i0gRZmA" "Mozilla/5.0 (iPhone; CPU iPhone OS 17_5_1 like Mac OS X) AppleWebKit/605.1.15 (KHTML, like Gecko) Version/17.5 Mobile/15E148 Safari/604.1"
31.13.127.22 - - [30/Jul/2024:21:33:59 +0700] "GET /images/workshop-button.svg HTTP/1.0" 200 406 "https://ygflive.com/?fbclid=IwZXh0bgNhZW0CMTEAAR0wE4QhxNrwugnQnYZc-lbtJJTRM3m0casV4FmSAzTHmjoPYg7JD-liTXc_aem_-3OmlFSD_A76hw7i0gRZmA" "Mozilla/5.0 (iPhone; CPU iPhone OS 17_5_1 like Mac OS X) AppleWebKit/605.1.15 (KHTML, like Gecko) Version/17.5 Mobile/15E148 Safari/604.1"
66.220.149.40 - - [30/Jul/2024:21:34:19 +0700] "GET /images/REMBUG-BUDAYA-02.jpg HTTP/1.0" 200 404 "-" "facebookexternalhit/1.1 (+http://www.facebook.com/externalhit_uatext.php)"
66.220.149.40 - - [30/Jul/2024:21:34:20 +0700] "GET /images/REMBUG-BUDAYA-02.jpg HTTP/2.0" 200 765193 "-" "facebookexternalhit/1.1 (+http://www.facebook.com/externalhit_uatext.php)"
31.13.103.3 - - [30/Jul/2024:21:34:25 +0700] "GET /images/LOKA-04.jpg HTTP/1.0" 200 395 "-" "cortex/1.0"
31.13.103.3 - - [30/Jul/2024:21:34:26 +0700] "GET /images/LOKA-04.jpg HTTP/2.0" 200 369762 "-" "cortex/1.0"
103.30.147.69 - - [30/Jul/2024:21:35:29 +0700] "GET / HTTP/1.0" 200 34006 "-" "Python/3.11 aiohttp/3.9.2"
103.123.16.140 - - [30/Jul/2024:21:36:30 +0700] "GET / HTTP/1.0" 200 34006 "-" "Python/3.11 aiohttp/3.9.2"
104.28.67.55 - - [30/Jul/2024:21:52:45 +0700] "GET / HTTP/1.0" 200 34762 "-" "Mozilla/5.0 (iPhone; CPU iPhone OS 17_5_1 like Mac OS X) AppleWebKit/605.1.15 (KHTML, like Gecko) Version/17.5 Mobile/15E148 Safari/604.1"
104.28.67.55 - - [30/Jul/2024:21:52:47 +0700] "GET /favicon/manifest.json HTTP/1.0" 200 1217 "https://ygflive.com/" "Mozilla/5.0 (iPhone; CPU iPhone OS 17_5_1 like Mac OS X) AppleWebKit/605.1.15 (KHTML, like Gecko) Version/17.5 Mobile/15E148 Safari/604.1"
104.28.67.55 - - [30/Jul/2024:21:52:47 +0700] "GET /js/uikit-icons.min.js HTTP/1.0" 200 410 "https://ygflive.com/" "Mozilla/5.0 (iPhone; CPU iPhone OS 17_5_1 like Mac OS X) AppleWebKit/605.1.15 (KHTML, like Gecko) Version/17.5 Mobile/15E148 Safari/604.1"
104.28.67.55 - - [30/Jul/2024:21:52:47 +0700] "GET /css/theme.css HTTP/1.0" 200 388 "https://ygflive.com/" "Mozilla/5.0 (iPhone; CPU iPhone OS 17_5_1 like Mac OS X) AppleWebKit/605.1.15 (KHTML, like Gecko) Version/17.5 Mobile/15E148 Safari/604.1"
104.28.67.55 - - [30/Jul/2024:21:52:47 +0700] "GET /js/uikit.min.js HTTP/1.0" 200 404 "https://ygflive.com/" "Mozilla/5.0 (iPhone; CPU iPhone OS 17_5_1 like Mac OS X) AppleWebKit/605.1.15 (KHTML, like Gecko) Version/17.5 Mobile/15E148 Safari/604.1"
104.28.67.55 - - [30/Jul/2024:21:52:47 +0700] "GET /js/theme.js HTTP/1.0" 200 400 "https://ygflive.com/" "Mozilla/5.0 (iPhone; CPU iPhone OS 17_5_1 like Mac OS X) AppleWebKit/605.1.15 (KHTML, like Gecko) Version/17.5 Mobile/15E148 Safari/604.1"
104.28.67.55 - - [30/Jul/2024:21:52:47 +0700] "GET /images/komunitas-gayam.svg HTTP/1.0" 200 406 "https://ygflive.com/" "Mozilla/5.0 (iPhone; CPU iPhone OS 17_5_1 like Mac OS X) AppleWebKit/605.1.15 (KHTML, like Gecko) Version/17.5 Mobile/15E148 Safari/604.1"
104.28.67.55 - - [30/Jul/2024:21:52:47 +0700] "GET /images/ygf.svg HTTP/1.0" 200 394 "https://ygflive.com/" "Mozilla/5.0 (iPhone; CPU iPhone OS 17_5_1 like Mac OS X) AppleWebKit/605.1.15 (KHTML, like Gecko) Version/17.5 Mobile/15E148 Safari/604.1"
104.28.67.55 - - [30/Jul/2024:21:52:47 +0700] "GET /images/workshop-button.svg HTTP/1.0" 200 406 "https://ygflive.com/" "Mozilla/5.0 (iPhone; CPU iPhone OS 17_5_1 like Mac OS X) AppleWebKit/605.1.15 (KHTML, like Gecko) Version/17.5 Mobile/15E148 Safari/604.1"
104.28.67.55 - - [30/Jul/2024:21:52:47 +0700] "GET /images/rembug-budaya-button.svg HTTP/1.0" 200 411 "https://ygflive.com/" "Mozilla/5.0 (iPhone; CPU iPhone OS 17_5_1 like Mac OS X) AppleWebKit/605.1.15 (KHTML, like Gecko) Version/17.5 Mobile/15E148 Safari/604.1"
104.28.67.55 - - [30/Jul/2024:21:52:47 +0700] "GET /css/theme.css HTTP/2.0" 200 47428 "https://ygflive.com/" "Mozilla/5.0 (iPhone; CPU iPhone OS 17_5_1 like Mac OS X) AppleWebKit/605.1.15 (KHTML, like Gecko) Version/17.5 Mobile/15E148 Safari/604.1"
104.28.67.55 - - [30/Jul/2024:21:52:47 +0700] "GET /js/uikit-icons.min.js HTTP/2.0" 200 17345 "https://ygflive.com/" "Mozilla/5.0 (iPhone; CPU iPhone OS 17_5_1 like Mac OS X) AppleWebKit/605.1.15 (KHTML, like Gecko) Version/17.5 Mobile/15E148 Safari/604.1"
104.28.67.55 - - [30/Jul/2024:21:52:47 +0700] "GET /js/uikit.min.js HTTP/2.0" 200 39865 "https://ygflive.com/" "Mozilla/5.0 (iPhone; CPU iPhone OS 17_5_1 like Mac OS X) AppleWebKit/605.1.15 (KHTML, like Gecko) Version/17.5 Mobile/15E148 Safari/604.1"
104.28.67.55 - - [30/Jul/2024:21:52:47 +0700] "GET /js/theme.js HTTP/2.0" 200 2513 "https://ygflive.com/" "Mozilla/5.0 (iPhone; CPU iPhone OS 17_5_1 like Mac OS X) AppleWebKit/605.1.15 (KHTML, like Gecko) Version/17.5 Mobile/15E148 Safari/604.1"
104.28.67.55 - - [30/Jul/2024:21:52:47 +0700] "GET /images/komunitas-gayam.svg HTTP/2.0" 200 13191 "https://ygflive.com/" "Mozilla/5.0 (iPhone; CPU iPhone OS 17_5_1 like Mac OS X) AppleWebKit/605.1.15 (KHTML, like Gecko) Version/17.5 Mobile/15E148 Safari/604.1"
104.28.67.55 - - [30/Jul/2024:21:52:47 +0700] "GET /images/ygf.svg HTTP/2.0" 200 1214 "https://ygflive.com/" "Mozilla/5.0 (iPhone; CPU iPhone OS 17_5_1 like Mac OS X) AppleWebKit/605.1.15 (KHTML, like Gecko) Version/17.5 Mobile/15E148 Safari/604.1"
104.28.67.55 - - [30/Jul/2024:21:52:47 +0700] "GET /images/rembug-budaya-button.svg HTTP/2.0" 200 23134 "https://ygflive.com/" "Mozilla/5.0 (iPhone; CPU iPhone OS 17_5_1 like Mac OS X) AppleWebKit/605.1.15 (KHTML, like Gecko) Version/17.5 Mobile/15E148 Safari/604.1"
104.28.67.55 - - [30/Jul/2024:21:52:47 +0700] "GET /images/workshop-button.svg HTTP/2.0" 200 20207 "https://ygflive.com/" "Mozilla/5.0 (iPhone; CPU iPhone OS 17_5_1 like Mac OS X) AppleWebKit/605.1.15 (KHTML, like Gecko) Version/17.5 Mobile/15E148 Safari/604.1"
104.28.67.55 - - [30/Jul/2024:21:52:48 +0700] "GET /images/LOKA-03.jpg HTTP/2.0" 200 269535 "https://ygflive.com/" "Mozilla/5.0 (iPhone; CPU iPhone OS 17_5_1 like Mac OS X) AppleWebKit/605.1.15 (KHTML, like Gecko) Version/17.5 Mobile/15E148 Safari/604.1"
104.28.67.55 - - [30/Jul/2024:21:52:48 +0700] "GET /images/REMBUG-BUDAYA-01.jpg HTTP/2.0" 200 247047 "https://ygflive.com/" "Mozilla/5.0 (iPhone; CPU iPhone OS 17_5_1 like Mac OS X) AppleWebKit/605.1.15 (KHTML, like Gecko) Version/17.5 Mobile/15E148 Safari/604.1"
104.28.67.55 - - [30/Jul/2024:21:52:48 +0700] "GET /images/LOKA-03.jpg HTTP/1.0" 200 395 "https://ygflive.com/" "Mozilla/5.0 (iPhone; CPU iPhone OS 17_5_1 like Mac OS X) AppleWebKit/605.1.15 (KHTML, like Gecko) Version/17.5 Mobile/15E148 Safari/604.1"
104.28.67.55 - - [30/Jul/2024:21:52:48 +0700] "GET /images/REMBUG-BUDAYA-01.jpg HTTP/1.0" 200 404 "https://ygflive.com/" "Mozilla/5.0 (iPhone; CPU iPhone OS 17_5_1 like Mac OS X) AppleWebKit/605.1.15 (KHTML, like Gecko) Version/17.5 Mobile/15E148 Safari/604.1"
104.28.67.55 - - [30/Jul/2024:21:52:49 +0700] "GET /images/RUNDOW-HARIAN-02.jpg HTTP/1.0" 200 404 "https://ygflive.com/" "Mozilla/5.0 (iPhone; CPU iPhone OS 17_5_1 like Mac OS X) AppleWebKit/605.1.15 (KHTML, like Gecko) Version/17.5 Mobile/15E148 Safari/604.1"
104.28.67.55 - - [30/Jul/2024:21:52:49 +0700] "GET /images/RUNDOW-HARIAN-02.jpg HTTP/2.0" 200 260087 "https://ygflive.com/" "Mozilla/5.0 (iPhone; CPU iPhone OS 17_5_1 like Mac OS X) AppleWebKit/605.1.15 (KHTML, like Gecko) Version/17.5 Mobile/15E148 Safari/604.1"
104.28.67.55 - - [30/Jul/2024:21:52:51 +0700] "GET /images/komunitas-gayam.svg HTTP/2.0" 200 13191 "https://ygflive.com/" "Mozilla/5.0 (iPhone; CPU iPhone OS 17_5_1 like Mac OS X) AppleWebKit/605.1.15 (KHTML, like Gecko) Version/17.5 Mobile/15E148 Safari/604.1"
104.28.67.55 - - [30/Jul/2024:21:52:51 +0700] "GET /images/workshop-button.svg HTTP/2.0" 200 20207 "https://ygflive.com/" "Mozilla/5.0 (iPhone; CPU iPhone OS 17_5_1 like Mac OS X) AppleWebKit/605.1.15 (KHTML, like Gecko) Version/17.5 Mobile/15E148 Safari/604.1"
104.28.67.55 - - [30/Jul/2024:21:52:51 +0700] "GET /images/ygf.svg HTTP/2.0" 200 1214 "https://ygflive.com/" "Mozilla/5.0 (iPhone; CPU iPhone OS 17_5_1 like Mac OS X) AppleWebKit/605.1.15 (KHTML, like Gecko) Version/17.5 Mobile/15E148 Safari/604.1"
104.28.67.55 - - [30/Jul/2024:21:52:51 +0700] "GET /images/rembug-budaya-button.svg HTTP/2.0" 200 23134 "https://ygflive.com/" "Mozilla/5.0 (iPhone; CPU iPhone OS 17_5_1 like Mac OS X) AppleWebKit/605.1.15 (KHTML, like Gecko) Version/17.5 Mobile/15E148 Safari/604.1"
104.28.67.55 - - [30/Jul/2024:21:52:51 +0700] "GET /images/right-hand.png HTTP/2.0" 200 46411 "https://ygflive.com/" "Mozilla/5.0 (iPhone; CPU iPhone OS 17_5_1 like Mac OS X) AppleWebKit/605.1.15 (KHTML, like Gecko) Version/17.5 Mobile/15E148 Safari/604.1"
104.28.67.55 - - [30/Jul/2024:21:52:51 +0700] "GET /images/bg-left.png HTTP/2.0" 200 7745 "https://ygflive.com/" "Mozilla/5.0 (iPhone; CPU iPhone OS 17_5_1 like Mac OS X) AppleWebKit/605.1.15 (KHTML, like Gecko) Version/17.5 Mobile/15E148 Safari/604.1"
104.28.67.55 - - [30/Jul/2024:21:52:51 +0700] "GET /images/top2.png HTTP/2.0" 200 38881 "https://ygflive.com/" "Mozilla/5.0 (iPhone; CPU iPhone OS 17_5_1 like Mac OS X) AppleWebKit/605.1.15 (KHTML, like Gecko) Version/17.5 Mobile/15E148 Safari/604.1"
104.28.67.55 - - [30/Jul/2024:21:52:51 +0700] "GET /images/circle-right.png HTTP/2.0" 200 157390 "https://ygflive.com/" "Mozilla/5.0 (iPhone; CPU iPhone OS 17_5_1 like Mac OS X) AppleWebKit/605.1.15 (KHTML, like Gecko) Version/17.5 Mobile/15E148 Safari/604.1"
104.28.67.55 - - [30/Jul/2024:21:52:51 +0700] "GET /images/bg-right.png HTTP/2.0" 200 8227 "https://ygflive.com/" "Mozilla/5.0 (iPhone; CPU iPhone OS 17_5_1 like Mac OS X) AppleWebKit/605.1.15 (KHTML, like Gecko) Version/17.5 Mobile/15E148 Safari/604.1"
104.28.67.55 - - [30/Jul/2024:21:52:51 +0700] "GET /images/left-hand.png HTTP/2.0" 200 56287 "https://ygflive.com/" "Mozilla/5.0 (iPhone; CPU iPhone OS 17_5_1 like Mac OS X) AppleWebKit/605.1.15 (KHTML, like Gecko) Version/17.5 Mobile/15E148 Safari/604.1"
104.28.67.55 - - [30/Jul/2024:21:52:51 +0700] "GET /images/bottom2.png HTTP/2.0" 200 38374 "https://ygflive.com/" "Mozilla/5.0 (iPhone; CPU iPhone OS 17_5_1 like Mac OS X) AppleWebKit/605.1.15 (KHTML, like Gecko) Version/17.5 Mobile/15E148 Safari/604.1"
104.28.67.55 - - [30/Jul/2024:21:52:51 +0700] "GET /images/circle-left.png HTTP/2.0" 200 131957 "https://ygflive.com/" "Mozilla/5.0 (iPhone; CPU iPhone OS 17_5_1 like Mac OS X) AppleWebKit/605.1.15 (KHTML, like Gecko) Version/17.5 Mobile/15E148 Safari/604.1"
104.28.67.55 - - [30/Jul/2024:21:52:51 +0700] "GET /images/left-cloud.png HTTP/2.0" 200 22298 "https://ygflive.com/" "Mozilla/5.0 (iPhone; CPU iPhone OS 17_5_1 like Mac OS X) AppleWebKit/605.1.15 (KHTML, like Gecko) Version/17.5 Mobile/15E148 Safari/604.1"
104.28.67.55 - - [30/Jul/2024:21:52:51 +0700] "GET /images/right-cloud.png HTTP/2.0" 200 16913 "https://ygflive.com/" "Mozilla/5.0 (iPhone; CPU iPhone OS 17_5_1 like Mac OS X) AppleWebKit/605.1.15 (KHTML, like Gecko) Version/17.5 Mobile/15E148 Safari/604.1"
104.28.67.55 - - [30/Jul/2024:21:52:51 +0700] "GET /images/komunitas-gayam.svg HTTP/1.0" 200 406 "https://ygflive.com/" "Mozilla/5.0 (iPhone; CPU iPhone OS 17_5_1 like Mac OS X) AppleWebKit/605.1.15 (KHTML, like Gecko) Version/17.5 Mobile/15E148 Safari/604.1"
104.28.67.55 - - [30/Jul/2024:21:52:51 +0700] "GET /images/ygf.svg HTTP/1.0" 200 394 "https://ygflive.com/" "Mozilla/5.0 (iPhone; CPU iPhone OS 17_5_1 like Mac OS X) AppleWebKit/605.1.15 (KHTML, like Gecko) Version/17.5 Mobile/15E148 Safari/604.1"
104.28.67.55 - - [30/Jul/2024:21:52:51 +0700] "GET /images/workshop-button.svg HTTP/1.0" 200 406 "https://ygflive.com/" "Mozilla/5.0 (iPhone; CPU iPhone OS 17_5_1 like Mac OS X) AppleWebKit/605.1.15 (KHTML, like Gecko) Version/17.5 Mobile/15E148 Safari/604.1"
104.28.67.55 - - [30/Jul/2024:21:52:51 +0700] "GET /images/rembug-budaya-button.svg HTTP/1.0" 200 411 "https://ygflive.com/" "Mozilla/5.0 (iPhone; CPU iPhone OS 17_5_1 like Mac OS X) AppleWebKit/605.1.15 (KHTML, like Gecko) Version/17.5 Mobile/15E148 Safari/604.1"
104.28.67.55 - - [30/Jul/2024:21:52:51 +0700] "GET /images/right-hand.png HTTP/1.0" 200 397 "https://ygflive.com/" "Mozilla/5.0 (iPhone; CPU iPhone OS 17_5_1 like Mac OS X) AppleWebKit/605.1.15 (KHTML, like Gecko) Version/17.5 Mobile/15E148 Safari/604.1"
104.28.67.55 - - [30/Jul/2024:21:52:51 +0700] "GET /images/bg-left.png HTTP/1.0" 200 394 "https://ygflive.com/" "Mozilla/5.0 (iPhone; CPU iPhone OS 17_5_1 like Mac OS X) AppleWebKit/605.1.15 (KHTML, like Gecko) Version/17.5 Mobile/15E148 Safari/604.1"
104.28.67.55 - - [30/Jul/2024:21:52:51 +0700] "GET /images/top2.png HTTP/1.0" 200 391 "https://ygflive.com/" "Mozilla/5.0 (iPhone; CPU iPhone OS 17_5_1 like Mac OS X) AppleWebKit/605.1.15 (KHTML, like Gecko) Version/17.5 Mobile/15E148 Safari/604.1"
104.28.67.55 - - [30/Jul/2024:21:52:51 +0700] "GET /images/circle-right.png HTTP/1.0" 200 399 "https://ygflive.com/" "Mozilla/5.0 (iPhone; CPU iPhone OS 17_5_1 like Mac OS X) AppleWebKit/605.1.15 (KHTML, like Gecko) Version/17.5 Mobile/15E148 Safari/604.1"
104.28.67.55 - - [30/Jul/2024:21:52:51 +0700] "GET /images/bg-right.png HTTP/1.0" 200 395 "https://ygflive.com/" "Mozilla/5.0 (iPhone; CPU iPhone OS 17_5_1 like Mac OS X) AppleWebKit/605.1.15 (KHTML, like Gecko) Version/17.5 Mobile/15E148 Safari/604.1"
104.28.67.55 - - [30/Jul/2024:21:52:51 +0700] "GET /images/left-hand.png HTTP/1.0" 200 396 "https://ygflive.com/" "Mozilla/5.0 (iPhone; CPU iPhone OS 17_5_1 like Mac OS X) AppleWebKit/605.1.15 (KHTML, like Gecko) Version/17.5 Mobile/15E148 Safari/604.1"
104.28.67.55 - - [30/Jul/2024:21:52:51 +0700] "GET /images/bottom2.png HTTP/1.0" 200 394 "https://ygflive.com/" "Mozilla/5.0 (iPhone; CPU iPhone OS 17_5_1 like Mac OS X) AppleWebKit/605.1.15 (KHTML, like Gecko) Version/17.5 Mobile/15E148 Safari/604.1"
104.28.67.55 - - [30/Jul/2024:21:52:51 +0700] "GET /images/circle-left.png HTTP/1.0" 200 398 "https://ygflive.com/" "Mozilla/5.0 (iPhone; CPU iPhone OS 17_5_1 like Mac OS X) AppleWebKit/605.1.15 (KHTML, like Gecko) Version/17.5 Mobile/15E148 Safari/604.1"
104.28.67.55 - - [30/Jul/2024:21:52:51 +0700] "GET /images/left-cloud.png HTTP/1.0" 200 397 "https://ygflive.com/" "Mozilla/5.0 (iPhone; CPU iPhone OS 17_5_1 like Mac OS X) AppleWebKit/605.1.15 (KHTML, like Gecko) Version/17.5 Mobile/15E148 Safari/604.1"
104.28.67.55 - - [30/Jul/2024:21:52:51 +0700] "GET /images/right-cloud.png HTTP/1.0" 200 398 "https://ygflive.com/" "Mozilla/5.0 (iPhone; CPU iPhone OS 17_5_1 like Mac OS X) AppleWebKit/605.1.15 (KHTML, like Gecko) Version/17.5 Mobile/15E148 Safari/604.1"
104.28.67.55 - - [30/Jul/2024:21:52:52 +0700] "GET /images/LOKA-04.jpg HTTP/1.0" 200 395 "https://ygflive.com/" "Mozilla/5.0 (iPhone; CPU iPhone OS 17_5_1 like Mac OS X) AppleWebKit/605.1.15 (KHTML, like Gecko) Version/17.5 Mobile/15E148 Safari/604.1"
